F                                                                        [100%]
================================== FAILURES ===================================
_ test_xingshang_acquires_hand_equipment_only_leaves_judgment_and_private_piles _

    def test_xingshang_acquires_hand_equipment_only_leaves_judgment_and_private_piles():
     from sanguosha.engine.death import DeathAction
     s=game();s.state.players['p1'].granted_skills['xingshang']='audit'
     judgment=put(s,'delayed.indulgence','p2',ZoneType.JUDGMENT)
     special=put(s,'basic.slash','p2');moves=s.engine.reaction_provider.__self__
     moves.move(s.state,CardMove('audit-private-in',(special,),ZoneRef(ZoneType.HAND,'p2'),ZoneRef(ZoneType.SPECIAL,'p2',special_key='quan'),CardMoveReason.SYSTEM))
     s.engine.start_action(DeathAction('audit-inherit-limits','p2',None));s=restore(s);answer(s,True);finish(s)
>    assert judgment not in s.state.cards_in(ZoneRef(ZoneType.HAND,'p1'))
E    AssertionError: assert 'std-club-04-2' not in ('std-diamond-13-2', 'mil-spade-11', 'mil-diamond-06', 'mil-diamond-09', 'std-heart-01-2', 'std-spade-13-1', ...)
E     +  where ('std-diamond-13-2', 'mil-spade-11', 'mil-diamond-06', 'mil-diamond-09', 'std-heart-01-2', 'std-spade-13-1', ...) = cards_in(ZoneRef(zone_type=<ZoneType.HAND: 'hand'>, player_id='p1', equipment_slot=None, special_key=None))
E     +    where cards_in = GameState(ruleset_id='classic-military', players={'p1': PlayerState(player_id='p1', seat=0, character_id='caocao', ide...turn_number=4, counts={}), revealed_identities={'p1', 'p2'}, victory=None, extra_turn_queue=[], extra_turn_anchor=None).cards_in
E     +      where GameState(ruleset_id='classic-military', players={'p1': PlayerState(player_id='p1', seat=0, character_id='caocao', ide...turn_number=4, counts={}), revealed_identities={'p1', 'p2'}, victory=None, extra_turn_queue=[], extra_turn_anchor=None) = GameSession(engine=<sanguosha.engine.engine.GameEngine object at 0x0000013E3D6FB9D0>, events=<sanguosha.engine.events....7D0>, declined_nullification_windows=set(), rng=<sanguosha.engine.rng.PythonRandomSource object at 0x0000013E3D674910>).state
E     +    and   ZoneRef(zone_type=<ZoneType.HAND: 'hand'>, player_id='p1', equipment_slot=None, special_key=None) = ZoneRef(<ZoneType.HAND: 'hand'>, 'p1')
E     +      where <ZoneType.HAND: 'hand'> = ZoneType.HAND

tests\test_t18a11_card_move_system.py:96: AssertionError
=========================== short test summary info ===========================
FAILED tests/test_t18a11_card_move_system.py::test_xingshang_acquires_hand_equipment_only_leaves_judgment_and_private_piles
1 failed, 7 deselected in 0.33s
