FFFFFFFFF                                                                [100%]
================================== FAILURES ===================================
_ test_rescue_order_starts_at_active_turn_seat_and_inactive_current_moves_last[False] _

inactive = False

    @pytest.mark.parametrize('inactive',[False,True])
    def test_rescue_order_starts_at_active_turn_seat_and_inactive_current_moves_last(inactive):
     s=game();s.state.current_player_id='p3';s.state.players['p2'].hp=0
     if inactive:s.state.current_phase=None
     s.engine.start_action(DyingAction('audit-dying-order','p2',None))
>    assert s.engine.pending_request.player_id==('p4' if inactive else 'p3')
E    AssertionError: assert 'p2' == 'p3'
E      
E      - p3
E      + p2

tests\test_t18a11_damage_system.py:27: AssertionError
_ test_rescue_order_starts_at_active_turn_seat_and_inactive_current_moves_last[True] _

inactive = True

    @pytest.mark.parametrize('inactive',[False,True])
    def test_rescue_order_starts_at_active_turn_seat_and_inactive_current_moves_last(inactive):
     s=game();s.state.current_player_id='p3';s.state.players['p2'].hp=0
     if inactive:s.state.current_phase=None
     s.engine.start_action(DyingAction('audit-dying-order','p2',None))
>    assert s.engine.pending_request.player_id==('p4' if inactive else 'p3')
E    AssertionError: assert 'p2' == 'p4'
E      
E      - p4
E      + p2

tests\test_t18a11_damage_system.py:27: AssertionError
_______ test_same_rescuer_can_supply_multiple_peaches_before_next_seat ________

    def test_same_rescuer_can_supply_multiple_peaches_before_next_seat():
     s=game();s.state.current_player_id='p3';s.state.players['p2'].hp=-1
     cards=tuple(put(s,'basic.peach','p3') for _ in range(2))
     s.engine.start_action(DyingAction('audit-dying-loop','p2',None))
>    assert s.engine.pending_request.player_id=='p3'
E    AssertionError: assert 'p2' == 'p3'
E      
E      - p3
E      + p2

tests\test_t18a11_damage_system.py:34: AssertionError
____ test_recover_full_or_dead_target_is_noop_without_recovery_event[full] ____

condition = 'full'

    @pytest.mark.parametrize('condition',['full','dead'])
    def test_recover_full_or_dead_target_is_noop_without_recovery_event(condition):
     s=game()
     if condition=='dead':s.state.players['p2'].status=PlayerStatus.DEAD
     before=s.state.players['p2'].hp;events=len(s.events.events)
     s.engine.start_action(RecoverAction('audit-no-recovery','p1','p2',1))
     assert s.state.players['p2'].hp==before
>    assert not any(isinstance(e,HpRecoveredEvent) for e in s.events.events[events:])
E    assert not True
E     +  where True = any(<generator object test_recover_full_or_dead_target_is_noop_without_recovery_event.<locals>.<genexpr> at 0x000001C2DFDB4900>)

tests\test_t18a11_damage_system.py:47: AssertionError
____ test_recover_full_or_dead_target_is_noop_without_recovery_event[dead] ____

condition = 'dead'

    @pytest.mark.parametrize('condition',['full','dead'])
    def test_recover_full_or_dead_target_is_noop_without_recovery_event(condition):
     s=game()
     if condition=='dead':s.state.players['p2'].status=PlayerStatus.DEAD
     before=s.state.players['p2'].hp;events=len(s.events.events)
>    s.engine.start_action(RecoverAction('audit-no-recovery','p1','p2',1))

tests\test_t18a11_damage_system.py:45: 
_ _ _ _ _ _ _ _ _ _ _ _ _ _ _ _ _ _ _ _ _ _ _ _ _ _ _ _ _ _ _ _ _ _ _ _ _ _ _ _
src\sanguosha\engine\engine.py:56: in start_action
    return self.run_until_blocked()
           ^^^^^^^^^^^^^^^^^^^^^^^^
src\sanguosha\engine\engine.py:97: in run_until_blocked
    outcome = self.registry.handler_for(frame.action).step(self.state, frame)
              ^^^^^^^^^^^^^^^^^^^^^^^^^^^^^^^^^^^^^^^^^^^^^^^^^^^^^^^^^^^^^^^
_ _ _ _ _ _ _ _ _ _ _ _ _ _ _ _ _ _ _ _ _ _ _ _ _ _ _ _ _ _ _ _ _ _ _ _ _ _ _ _

self = <sanguosha.engine.recovery.RecoverActionHandler object at 0x000001C2DFDDC640>
state = GameState(ruleset_id='classic-military', players={'p1': PlayerState(player_id='p1', seat=0, character_id='sunquan', id...'p1', turn_number=4, counts={}), revealed_identities={'p1'}, victory=None, extra_turn_queue=[], extra_turn_anchor=None)
frame = ResolutionFrame(frame_id='frame-1', action=RecoverAction(action_id='audit-no-recovery', source_id='p1', target_id='p2'...e, child_result=None, result=None, status=<FrameStatus.READY: 'ready'>, deferred_step=None, reaction_child_result=None)

    def step(self, state: GameState, frame: ResolutionFrame) -> StepResult:
        action = frame.action
        assert isinstance(action, RecoverAction)
        if action.amount <= 0 or action.target_id not in state.players or not state.players[action.target_id].is_alive:
>           raise InvalidRecovery("recovery requires a living target and positive amount")
E           sanguosha.engine.recovery.InvalidRecovery: recovery requires a living target and positive amount

src\sanguosha\engine\recovery.py:34: InvalidRecovery
_____________ test_zero_max_hp_dies_without_ordinary_peach_rescue _____________

    def test_zero_max_hp_dies_without_ordinary_peach_rescue():
     s=game();s.state.players['p2'].max_hp=s.state.players['p2'].hp=1
     s.engine.start_action(LoseMaxHpAction('audit-zero-max','p2',1))
>    assert s.engine.pending_request is None
E    AssertionError: assert PendingRequest(request_id='audit-zero-max:dying:ask:0:1:p2:request', player_id='p2', request_type=<RequestType.RESPOND..., subject_player_id='p2', play_card_targets={}, exclusive_card_groups=(), minimum_nonempty_count=0, legal_card_sets=()) is None
E     +  where PendingRequest(request_id='audit-zero-max:dying:ask:0:1:p2:request', player_id='p2', request_type=<RequestType.RESPOND..., subject_player_id='p2', play_card_targets={}, exclusive_card_groups=(), minimum_nonempty_count=0, legal_card_sets=()) = <sanguosha.engine.engine.GameEngine object at 0x000001C2DFE39B50>.pending_request
E     +    where <sanguosha.engine.engine.GameEngine object at 0x000001C2DFE39B50> = GameSession(engine=<sanguosha.engine.engine.GameEngine object at 0x000001C2DFE39B50>, events=<sanguosha.engine.events....890>, declined_nullification_windows=set(), rng=<sanguosha.engine.rng.PythonRandomSource object at 0x000001C2DFD53650>).engine

tests\test_t18a11_damage_system.py:53: AssertionError
_____________ test_damage_dead_source_is_normalized_to_no_source ______________

    def test_damage_dead_source_is_normalized_to_no_source():
     s=game();s.state.players['p3'].status=PlayerStatus.DEAD
     s.engine.start_action(MilitaryDamageAction('audit-dead-source','p3','p2',1));finish(s)
     e=next(e for e in s.events.events if isinstance(e,DamageDealtEvent) and e.event_id=='audit-dead-source:dealt')
>    assert e.source_id is None
E    AssertionError: assert 'p3' is None
E     +  where 'p3' = DamageDealtEvent(event_id='audit-dead-source:dealt', source_id='p3', target_id='p2', amount=1, hp_after=3).source_id

tests\test_t18a11_damage_system.py:61: AssertionError
__________ test_finished_game_rejects_new_top_level_response_request __________

    def test_finished_game_rejects_new_top_level_response_request():
     from sanguosha.engine.response import RespondWithCardAction
     from sanguosha.engine.errors import InvalidEngineState
     s=game();s.state.status=GameStatus.FINISHED
>    with pytest.raises(InvalidEngineState):s.engine.start_action(RespondWithCardAction('audit-after-game','p1','basic.dodge','source'))
          ^^^^^^^^^^^^^^^^^^^^^^^^^^^^^^^^^
E    Failed: DID NOT RAISE InvalidEngineState

tests\test_t18a11_damage_system.py:68: Failed
_______ test_parent_cannot_offer_ordinary_request_after_child_ends_game _______

    def test_parent_cannot_offer_ordinary_request_after_child_ends_game():
     from sanguosha.engine.actions import Action,StepResult
     from sanguosha.engine.death import DeathAction
     from sanguosha.engine.requests import PendingRequest,RequestType
     @dataclass(frozen=True,slots=True)
     class AfterDeath(Action):pass
     class Handler:
      def step(self,state,frame):
       if frame.step_index==0:
        frame.step_index=1;return StepResult.push(DeathAction('audit-last-enemy','p2',None))
       return StepResult.ask(PendingRequest('audit-forbidden-after-game','p1',RequestType.YES_NO,'ordinary',frame.action.action_id,frame.frame_id))
     s=game()
     for p in s.state.players.values():p.identity=Identity.LOYALIST
     s.state.players['p1'].identity=Identity.LORD;s.state.players['p2'].identity=Identity.REBEL
     s.engine.registry.register(AfterDeath,Handler())
     s.engine.start_action(AfterDeath('audit-parent-terminal'))
     assert s.state.status is GameStatus.FINISHED
>    assert s.engine.pending_request is None and s.engine.stack.is_empty()
E    AssertionError: assert (PendingRequest(request_id='audit-forbidden-after-game', player_id='p1', request_type=<RequestType.YES_NO: 'yes_no'>, p..., subject_player_id=None, play_card_targets={}, exclusive_card_groups=(), minimum_nonempty_count=0, legal_card_sets=()) is None)
E     +  where PendingRequest(request_id='audit-forbidden-after-game', player_id='p1', request_type=<RequestType.YES_NO: 'yes_no'>, p..., subject_player_id=None, play_card_targets={}, exclusive_card_groups=(), minimum_nonempty_count=0, legal_card_sets=()) = <sanguosha.engine.engine.GameEngine object at 0x000001C2DFE01350>.pending_request
E     +    where <sanguosha.engine.engine.GameEngine object at 0x000001C2DFE01350> = GameSession(engine=<sanguosha.engine.engine.GameEngine object at 0x000001C2DFE01350>, events=<sanguosha.engine.events....750>, declined_nullification_windows=set(), rng=<sanguosha.engine.rng.PythonRandomSource object at 0x000001C2DFB97E50>).engine

tests\test_t18a11_damage_system.py:89: AssertionError
=========================== short test summary info ===========================
FAILED tests/test_t18a11_damage_system.py::test_rescue_order_starts_at_active_turn_seat_and_inactive_current_moves_last[False]
FAILED tests/test_t18a11_damage_system.py::test_rescue_order_starts_at_active_turn_seat_and_inactive_current_moves_last[True]
FAILED tests/test_t18a11_damage_system.py::test_same_rescuer_can_supply_multiple_peaches_before_next_seat
FAILED tests/test_t18a11_damage_system.py::test_recover_full_or_dead_target_is_noop_without_recovery_event[full]
FAILED tests/test_t18a11_damage_system.py::test_recover_full_or_dead_target_is_noop_without_recovery_event[dead]
FAILED tests/test_t18a11_damage_system.py::test_zero_max_hp_dies_without_ordinary_peach_rescue
FAILED tests/test_t18a11_damage_system.py::test_damage_dead_source_is_normalized_to_no_source
FAILED tests/test_t18a11_damage_system.py::test_finished_game_rejects_new_top_level_response_request
FAILED tests/test_t18a11_damage_system.py::test_parent_cannot_offer_ordinary_request_after_child_ends_game
9 failed in 0.32s
