
 RUN  v3.2.7 C:/Sanguosha/web

stderr | src/components/GamePage.test.tsx > GamePage > retains final judgment outcome while showing its public card
Not implemented: HTMLCanvasElement's getContext() method: without installing the canvas npm package

stderr | src/components/GamePage.test.tsx > GamePage > shows the delayed trick consequence in Chinese
Not implemented: HTMLCanvasElement's getContext() method: without installing the canvas npm package

stderr | src/components/GamePage.test.tsx > GamePage > labels a recast face as 重铸 in the public presentation
Not implemented: HTMLCanvasElement's getContext() method: without installing the canvas npm package

stderr | src/components/GamePage.test.tsx > GamePage > acquired Qixi deselect, cancel and normal play are independent contexts
Not implemented: HTMLCanvasElement's getContext() method: without installing the canvas npm package

stdout | src/components/GamePage.test.tsx > GamePage > acquired Qixi deselect, cancel and normal play are independent contexts
[game] click card slash-1 request qixi-lifecycle option 

stdout | src/components/GamePage.test.tsx > GamePage > acquired Qixi deselect, cancel and normal play are independent contexts
[game] click card slash-1 request qixi-lifecycle option virtual:qixi:slash-1

stdout | src/components/GamePage.test.tsx > GamePage > acquired Qixi deselect, cancel and normal play are independent contexts
[game] click card slash-1 request qixi-lifecycle option 

stdout | src/components/GamePage.test.tsx > GamePage > acquired Qixi deselect, cancel and normal play are independent contexts
[game] click card peach request qixi-lifecycle option 

stderr | src/components/GamePage.test.tsx > GamePage > renders abolished equipment slots from authoritative projection
Not implemented: HTMLCanvasElement's getContext() method: without installing the canvas npm package

stderr | src/components/GamePage.test.tsx > GamePage > renders private Zongxuan cards and submits the selected top-placement order
Not implemented: HTMLCanvasElement's getContext() method: without installing the canvas npm package

stdout | src/components/GamePage.test.tsx > GamePage > renders private Zongxuan cards and submits the selected top-placement order
[game] click card reserved-2 request zongxuan option 

stdout | src/components/GamePage.test.tsx > GamePage > renders private Zongxuan cards and submits the selected top-placement order
[game] click card reserved-1 request zongxuan option 

stderr | src/components/GamePage.test.tsx > GamePage > shows public counter cards in the Xiansi modal and requires exactly two
Not implemented: HTMLCanvasElement's getContext() method: without installing the canvas npm package

stdout | src/components/GamePage.test.tsx > GamePage > shows public counter cards in the Xiansi modal and requires exactly two
[game] click card counter-1 request xiansi option 

stdout | src/components/GamePage.test.tsx > GamePage > shows public counter cards in the Xiansi modal and requires exactly two
[game] click card counter-2 request xiansi option 

stderr | src/components/GamePage.test.tsx > GamePage > shows authorized Poxi hand faces and rejects four cards with duplicate suits
Not implemented: HTMLCanvasElement's getContext() method: without installing the canvas npm package

stdout | src/components/GamePage.test.tsx > GamePage > shows authorized Poxi hand faces and rejects four cards with duplicate suits
[game] click card slash-1 request poxi option 

stdout | src/components/GamePage.test.tsx > GamePage > shows authorized Poxi hand faces and rejects four cards with duplicate suits
[game] click card dodge-2 request poxi option 

stdout | src/components/GamePage.test.tsx > GamePage > shows authorized Poxi hand faces and rejects four cards with duplicate suits
[game] click card fire-4 request poxi option 

stdout | src/components/GamePage.test.tsx > GamePage > shows authorized Poxi hand faces and rejects four cards with duplicate suits
[game] click card thunder-5 request poxi option 

stdout | src/components/GamePage.test.tsx > GamePage > shows authorized Poxi hand faces and rejects four cards with duplicate suits
[game] click card fire-4 request poxi option 

stdout | src/components/GamePage.test.tsx > GamePage > shows authorized Poxi hand faces and rejects four cards with duplicate suits
[game] click card wine-3 request poxi option 

stderr | src/components/GamePage.test.tsx > GamePage > permits declining Fencheng but rejects undersized nonempty card selections
Not implemented: HTMLCanvasElement's getContext() method: without installing the canvas npm package

stdout | src/components/GamePage.test.tsx > GamePage > permits declining Fencheng but rejects undersized nonempty card selections
[game] click card slash-1 request fencheng option 

stdout | src/components/GamePage.test.tsx > GamePage > permits declining Fencheng but rejects undersized nonempty card selections
[game] click card dodge-2 request fencheng option 

stdout | src/components/GamePage.test.tsx > GamePage > permits declining Fencheng but rejects undersized nonempty card selections
[game] click card wine-3 request fencheng option 

stderr | src/components/GamePage.test.tsx > GamePage > binds a public remote response timer to one seat and restores its server remaining fraction
Not implemented: HTMLCanvasElement's getContext() method: without installing the canvas npm package

stderr | src/components/GamePage.test.tsx > GamePage > highlights only the real decision actor while thinking and clears for a human request
Not implemented: HTMLCanvasElement's getContext() method: without installing the canvas npm package

stderr | src/components/GamePage.test.tsx > GamePage > names the actor and highlights action/target for { event_id: 'slash', kind: 'CardUsedEvent', source_id: 'p1', target_ids: [ 'p2' ], card_name: '杀' }
Not implemented: HTMLCanvasElement's getContext() method: without installing the canvas npm package

stderr | src/components/GamePage.test.tsx > GamePage > names the actor and highlights action/target for { event_id: 'dodge', kind: 'CardRespondedEvent', source_id: 'p2', definition_id: 'basic.dodge' }
Not implemented: HTMLCanvasElement's getContext() method: without installing the canvas npm package

stderr | src/components/GamePage.test.tsx > GamePage > names the actor and highlights action/target for { event_id: 'skill', kind: 'SkillEvent', source_id: 'p1', skill_name: '奸雄' }
Not implemented: HTMLCanvasElement's getContext() method: without installing the canvas npm package

stderr | src/components/GamePage.test.tsx > GamePage > selects a Slash target and submits card plus target with one final confirm
Not implemented: HTMLCanvasElement's getContext() method: without installing the canvas npm package

stdout | src/components/GamePage.test.tsx > GamePage > selects a Slash target and submits card plus target with one final confirm
[game] click card slash-1 request play-1 option 

stderr | src/components/GamePage.test.tsx > GamePage > confirms equipment without requesting a character target
Not implemented: HTMLCanvasElement's getContext() method: without installing the canvas npm package

stdout | src/components/GamePage.test.tsx > GamePage > confirms equipment without requesting a character target
[game] click card slash-1 request play-equip option 

stderr | src/components/GamePage.test.tsx > GamePage > shows Chinese labels for Yinghun branches while preserving machine values
Not implemented: HTMLCanvasElement's getContext() method: without installing the canvas npm package

stderr | src/components/GamePage.test.tsx > GamePage > renders the five-player table, hand and skill bar
Not implemented: HTMLCanvasElement's getContext() method: without installing the canvas npm package

stderr | src/components/GamePage.test.tsx > GamePage > shows Mountain field and private transformation state
Not implemented: HTMLCanvasElement's getContext() method: without installing the canvas npm package

stderr | src/components/GamePage.test.tsx > GamePage > shows power pile count without exposing hidden card faces
Not implemented: HTMLCanvasElement's getContext() method: without installing the canvas npm package

stderr | src/components/GamePage.test.tsx > GamePage > requires confirm after selecting a response card
Not implemented: HTMLCanvasElement's getContext() method: without installing the canvas npm package

stdout | src/components/GamePage.test.tsx > GamePage > requires confirm after selecting a response card
[game] click card slash-1 request r1 option 

stderr | src/components/GamePage.test.tsx > GamePage > offers Guhuo in a response window and submits the virtual choice
Not implemented: HTMLCanvasElement's getContext() method: without installing the canvas npm package

stderr | src/components/GamePage.test.tsx > GamePage > submits Jiuchi wine from a hand card during self rescue
Not implemented: HTMLCanvasElement's getContext() method: without installing the canvas npm package

stdout | src/components/GamePage.test.tsx > GamePage > submits Jiuchi wine from a hand card during self rescue
[game] click card slash-1 request jiuchi-rescue option 

stderr | src/components/GamePage.test.tsx > GamePage > lets a physical response replace a previously selected Guhuo option
Not implemented: HTMLCanvasElement's getContext() method: without installing the canvas npm package

stdout | src/components/GamePage.test.tsx > GamePage > lets a physical response replace a previously selected Guhuo option
[game] click card slash-1 request guhuo-switch option virtual:guhuo

stderr | src/components/GamePage.test.tsx > GamePage > labels the two challenge decisions
Not implemented: HTMLCanvasElement's getContext() method: without installing the canvas npm package

stderr | src/components/GamePage.test.tsx > GamePage > selects a target before submitting it
Not implemented: HTMLCanvasElement's getContext() method: without installing the canvas npm package

stderr | src/components/GamePage.test.tsx > T15 dynamic target interaction > selects immediately on the first portrait click with multiple dynamic panels
Not implemented: HTMLCanvasElement's getContext() method: without installing the canvas npm package

stdout | src/components/GamePage.test.tsx > T15 dynamic target interaction > selects immediately on the first portrait click with multiple dynamic panels
[game] click card slash-1 request t15-target option 

stderr | src/components/GamePage.test.tsx > T18A.7 response semantics > keeps turn phase and binds response description, thinking and countdown to one seat
Not implemented: HTMLCanvasElement's getContext() method: without installing the canvas npm package

stderr | src/components/GamePage.test.tsx > T18A.7 response semantics > submits distinct current-request and root-trick commands
Not implemented: HTMLCanvasElement's getContext() method: without installing the canvas npm package

stderr | src/components/GamePage.test.tsx > renders the authoritative AOE targets, root trick and top counter without a second stack UI
Not implemented: HTMLCanvasElement's getContext() method: without installing the canvas npm package

stderr | src/components/GamePage.test.tsx > never duplicates opponents while reconnect seat confirmation is pending
Not implemented: HTMLCanvasElement's getContext() method: without installing the canvas npm package

stderr | src/components/GamePage.test.tsx > restores delayed outcome text from projection history without live events
Not implemented: HTMLCanvasElement's getContext() method: without installing the canvas npm package

stderr | src/components/GamePage.test.tsx > shows signed horse faces and authoritative abolished slots
Not implemented: HTMLCanvasElement's getContext() method: without installing the canvas npm package

 ✓ src/components/GamePage.test.tsx (36 tests) 3261ms
   ✓ GamePage > acquired Qixi deselect, cancel and normal play are independent contexts  526ms
   ✓ GamePage > shows authorized Poxi hand faces and rejects four cards with duplicate suits  407ms

 Test Files  1 passed (1)
      Tests  36 passed (36)
   Start at  02:38:46
   Duration  4.37s (transform 195ms, setup 124ms, collect 299ms, tests 3.26s, environment 427ms, prepare 85ms)

