FFF                                                                      [100%]
================================== FAILURES ===================================
____ test_wushen_heart_peach_has_locked_slash_identity_and_distant_targets ____

    def test_wushen_heart_peach_has_locked_slash_identity_and_distant_targets():
        from dataclasses import replace
        from test_t6_military_basics import put
        from sanguosha.projection import project_for_human
        from sanguosha.engine.card_use import UseCardAction
        from sanguosha.model.enums import Suit
        from sanguosha.model.zones import ZoneRef, ZoneType
        s = game()
        s.state.players['p1'].character_id = 'wind_god_guanyu'
        cid = put(s, 'basic.peach', 'p1')
        s.state.cards[cid] = replace(s.state.cards[cid], suit=Suit.HEART)
        view = project_for_human(s.state, s.definitions, 'p1', {})
>       assert next(c for c in view.hand if c.card_id == cid).definition_id == 'basic.slash'
E       AssertionError: assert 'basic.peach' == 'basic.slash'
E         
E         - basic.slash
E         + basic.peach

t18a11_final\test_t18a11_final_audit.py:225: AssertionError
_________ test_wushen_heart_peach_cannot_be_offered_as_peach_response _________

    def test_wushen_heart_peach_cannot_be_offered_as_peach_response():
        from dataclasses import replace
        from test_t6_military_basics import put
        from sanguosha.engine.response import RespondWithCardAction
        from sanguosha.model.enums import Suit
        s = game()
        s.state.players['p1'].character_id = 'wind_god_guanyu'
        cid = put(s, 'basic.peach', 'p1')
        s.state.cards[cid] = replace(s.state.cards[cid], suit=Suit.HEART)
        s.engine.start_action(RespondWithCardAction('heart-rescue', 'p1', 'basic.peach', 'rescue'))
>       assert s.engine.pending_request is None or cid not in s.engine.pending_request.eligible_card_ids
E       AssertionError: assert (PendingRequest(request_id='heart-rescue:request', player_id='p1', request_type=<RequestType.RESPOND_WITH_CARD: 'respon..., subject_player_id=None, play_card_targets={}, exclusive_card_groups=(), minimum_nonempty_count=0, legal_card_sets=()) is None or 'std-club-04-2' not in ('std-club-04-2',))
E        +  where PendingRequest(request_id='heart-rescue:request', player_id='p1', request_type=<RequestType.RESPOND_WITH_CARD: 'respon..., subject_player_id=None, play_card_targets={}, exclusive_card_groups=(), minimum_nonempty_count=0, legal_card_sets=()) = <sanguosha.engine.engine.GameEngine object at 0x000001C417EFB610>.pending_request
E        +    where <sanguosha.engine.engine.GameEngine object at 0x000001C417EFB610> = GameSession(engine=<sanguosha.engine.engine.GameEngine object at 0x000001C417EFB610>, events=<sanguosha.engine.events....F10>, declined_nullification_windows=set(), rng=<sanguosha.engine.rng.PythonRandomSource object at 0x000001C417DE0550>).engine
E        +  and   ('std-club-04-2',) = PendingRequest(request_id='heart-rescue:request', player_id='p1', request_type=<RequestType.RESPOND_WITH_CARD: 'respon..., subject_player_id=None, play_card_targets={}, exclusive_card_groups=(), minimum_nonempty_count=0, legal_card_sets=()).eligible_card_ids
E        +    where PendingRequest(request_id='heart-rescue:request', player_id='p1', request_type=<RequestType.RESPOND_WITH_CARD: 'respon..., subject_player_id=None, play_card_targets={}, exclusive_card_groups=(), minimum_nonempty_count=0, legal_card_sets=()) = <sanguosha.engine.engine.GameEngine object at 0x000001C417EFB610>.pending_request
E        +      where <sanguosha.engine.engine.GameEngine object at 0x000001C417EFB610> = GameSession(engine=<sanguosha.engine.engine.GameEngine object at 0x000001C417EFB610>, events=<sanguosha.engine.events....F10>, declined_nullification_windows=set(), rng=<sanguosha.engine.rng.PythonRandomSource object at 0x000001C417DE0550>).engine

t18a11_final\test_t18a11_final_audit.py:242: AssertionError
_________ test_classic_wuhun_god_salvation_judgment_preserves_target __________

    def test_classic_wuhun_god_salvation_judgment_preserves_target():
        from dataclasses import replace
        from sanguosha.engine.gods import WuhunDeathAction
        from sanguosha.model.zones import ZoneRef, ZoneType
        s = game()
        s.state.players['p1'].character_id = 'wind_god_guanyu'
        s.state.players['p2'].marks['nightmare'] = 2
        top = s.state.cards_in(ZoneRef(ZoneType.DRAW_PILE))[0]
        s.state.cards[top] = replace(s.state.cards[top], definition_id='trick.god_salvation')
        s.engine.start_action(WuhunDeathAction('peach-garden-wuhun', 'p1'))
        finish(s)
>       assert s.state.players['p2'].is_alive
E       AssertionError: assert False
E        +  where False = PlayerState(player_id='p2', seat=1, character_id='forest_god_lvbu', identity=<Identity.LOYALIST: 'loyalist'>, hp=4, ma...lls={}, abolished_equipment_slots=set(), transformation_pool=[], active_transformation=None, transformation_skill=None).is_alive

t18a11_final\test_t18a11_final_audit.py:256: AssertionError
=========================== short test summary info ===========================
FAILED t18a11_final/test_t18a11_final_audit.py::test_wushen_heart_peach_has_locked_slash_identity_and_distant_targets
FAILED t18a11_final/test_t18a11_final_audit.py::test_wushen_heart_peach_cannot_be_offered_as_peach_response
FAILED t18a11_final/test_t18a11_final_audit.py::test_classic_wuhun_god_salvation_judgment_preserves_target
3 failed, 15 deselected in 0.29s
