F                                                                        [100%]
================================== FAILURES ===================================
______ test_jingce_never_starts_a_new_phase_end_request_after_lord_death ______

    def test_jingce_never_starts_a_new_phase_end_request_after_lord_death():
        from test_t17c_god_luxun import luxun
        from sanguosha.engine.events import TurnStartedEvent
        from sanguosha.engine.phases import PhaseAction
        from sanguosha.engine.requests import Decision, PASS_RESPONSE
        from sanguosha.model.enums import Phase
        from sanguosha.model.state import GameStatus
        s=luxun();s.state.players['p1'].character_id='yj2013_guo_huai'
        s.state.players['p1'].hp=1;s.state.players['p1'].identity=Identity.REBEL
        s.state.players['p2'].identity=Identity.LORD;s.state.players['p2'].hp=1
        slash=put(s,'basic.slash')
        s.events.record(TurnStartedEvent('current-audit-turn','p1',4))
        s.engine.start_action(PhaseAction('terminal-play','p1',Phase.PLAY))
        r=s.engine.pending_request
        s.engine.submit_decision(Decision(r.request_id,r.player_id,{'option':'use:'+slash,'targets':('p2',)}))
        for _ in range(30):
            if s.state.status is GameStatus.FINISHED:break
            r=s.engine.pending_request
            assert r is not None
            s.engine.submit_decision(Decision(r.request_id,r.player_id,PASS_RESPONSE))
        assert s.state.status is GameStatus.FINISHED
>       assert s.engine.pending_request is None and s.engine.stack.is_empty()
E       AssertionError: assert (PendingRequest(request_id='terminal-play:jingce:request:1:0', player_id='p1', request_type=<RequestType.YES_NO: 'yes_n..., subject_player_id=None, play_card_targets={}, exclusive_card_groups=(), minimum_nonempty_count=0, legal_card_sets=()) is None)
E        +  where PendingRequest(request_id='terminal-play:jingce:request:1:0', player_id='p1', request_type=<RequestType.YES_NO: 'yes_n..., subject_player_id=None, play_card_targets={}, exclusive_card_groups=(), minimum_nonempty_count=0, legal_card_sets=()) = <sanguosha.engine.engine.GameEngine object at 0x000001620F127380>.pending_request
E        +    where <sanguosha.engine.engine.GameEngine object at 0x000001620F127380> = GameSession(engine=<sanguosha.engine.engine.GameEngine object at 0x000001620F127380>, events=<sanguosha.engine.events....7B0>, declined_nullification_windows=set(), rng=<sanguosha.engine.rng.PythonRandomSource object at 0x000001620CE7CAD0>).engine

tests\test_t18a11_release.py:74: AssertionError
=========================== short test summary info ===========================
FAILED tests/test_t18a11_release.py::test_jingce_never_starts_a_new_phase_end_request_after_lord_death
1 failed, 4 deselected in 0.30s
