FFF                                                                      [100%]
================================== FAILURES ===================================
__________ test_guidao_exchanges_old_judgment_into_owners_hand[hand] __________

zone = <ZoneType.HAND: 'hand'>

    @pytest.mark.parametrize('zone', [ZoneType.HAND, ZoneType.EQUIPMENT])
    def test_guidao_exchanges_old_judgment_into_owners_hand(zone):
        s = setup('xun_you')
        s.state.players['p2'].character_id = 'wind_zhang_jiao'
        material = put(s, 'basic.slash' if zone is ZoneType.HAND else 'equipment.weapon.crossbow',
                       'p2', zone, None if zone is ZoneType.HAND else EquipmentSlot.WEAPON)
        s.state.cards[material] = replace(s.state.cards[material], suit=Suit.SPADE)
        top = s.state.cards_in(ZoneRef(ZoneType.DRAW_PILE))[0]
        s.state.cards[top] = replace(s.state.cards[top], suit=Suit.HEART)
        s.engine.start_action(JudgmentAction('audit-exchange', 'p1', JudgmentPattern(suit=Suit.SPADE)))
        while s.engine.pending_request:
            s = restore(s)
            r = s.engine.pending_request
            answer(s, True if r.request_type is RequestType.YES_NO else material)
        assert s.engine.last_result is True
>       assert top in s.state.cards_in(ZoneRef(ZoneType.HAND, 'p2'))
E       AssertionError: assert 'std-heart-08-1' in ('std-heart-01-2', 'std-spade-13-1', 'mil-diamond-13', 'ex-heart-12')
E        +  where ('std-heart-01-2', 'std-spade-13-1', 'mil-diamond-13', 'ex-heart-12') = cards_in(ZoneRef(zone_type=<ZoneType.HAND: 'hand'>, player_id='p2', equipment_slot=None, special_key=None))
E        +    where cards_in = GameState(ruleset_id='classic-military', players={'p1': PlayerState(player_id='p1', seat=0, character_id='yj2012_xun_y...'p1', turn_number=4, counts={}), revealed_identities={'p1'}, victory=None, extra_turn_queue=[], extra_turn_anchor=None).cards_in
E        +      where GameState(ruleset_id='classic-military', players={'p1': PlayerState(player_id='p1', seat=0, character_id='yj2012_xun_y...'p1', turn_number=4, counts={}), revealed_identities={'p1'}, victory=None, extra_turn_queue=[], extra_turn_anchor=None) = GameSession(engine=<sanguosha.engine.engine.GameEngine object at 0x00000284E3BB51D0>, events=<sanguosha.engine.events....BB0>, declined_nullification_windows=set(), rng=<sanguosha.engine.rng.PythonRandomSource object at 0x00000284E38F1F90>).state
E        +    and   ZoneRef(zone_type=<ZoneType.HAND: 'hand'>, player_id='p2', equipment_slot=None, special_key=None) = ZoneRef(<ZoneType.HAND: 'hand'>, 'p2')
E        +      where <ZoneType.HAND: 'hand'> = ZoneType.HAND

tests\test_t18a11_judgment.py:26: AssertionError
_______ test_guidao_exchanges_old_judgment_into_owners_hand[equipment] ________

zone = <ZoneType.EQUIPMENT: 'equipment'>

    @pytest.mark.parametrize('zone', [ZoneType.HAND, ZoneType.EQUIPMENT])
    def test_guidao_exchanges_old_judgment_into_owners_hand(zone):
        s = setup('xun_you')
        s.state.players['p2'].character_id = 'wind_zhang_jiao'
        material = put(s, 'basic.slash' if zone is ZoneType.HAND else 'equipment.weapon.crossbow',
                       'p2', zone, None if zone is ZoneType.HAND else EquipmentSlot.WEAPON)
        s.state.cards[material] = replace(s.state.cards[material], suit=Suit.SPADE)
        top = s.state.cards_in(ZoneRef(ZoneType.DRAW_PILE))[0]
        s.state.cards[top] = replace(s.state.cards[top], suit=Suit.HEART)
        s.engine.start_action(JudgmentAction('audit-exchange', 'p1', JudgmentPattern(suit=Suit.SPADE)))
        while s.engine.pending_request:
            s = restore(s)
            r = s.engine.pending_request
            answer(s, True if r.request_type is RequestType.YES_NO else material)
        assert s.engine.last_result is True
>       assert top in s.state.cards_in(ZoneRef(ZoneType.HAND, 'p2'))
E       AssertionError: assert 'std-heart-08-1' in ('std-heart-01-2', 'std-spade-13-1', 'mil-diamond-13', 'ex-heart-12')
E        +  where ('std-heart-01-2', 'std-spade-13-1', 'mil-diamond-13', 'ex-heart-12') = cards_in(ZoneRef(zone_type=<ZoneType.HAND: 'hand'>, player_id='p2', equipment_slot=None, special_key=None))
E        +    where cards_in = GameState(ruleset_id='classic-military', players={'p1': PlayerState(player_id='p1', seat=0, character_id='yj2012_xun_y...'p1', turn_number=4, counts={}), revealed_identities={'p1'}, victory=None, extra_turn_queue=[], extra_turn_anchor=None).cards_in
E        +      where GameState(ruleset_id='classic-military', players={'p1': PlayerState(player_id='p1', seat=0, character_id='yj2012_xun_y...'p1', turn_number=4, counts={}), revealed_identities={'p1'}, victory=None, extra_turn_queue=[], extra_turn_anchor=None) = GameSession(engine=<sanguosha.engine.engine.GameEngine object at 0x00000284E3C620F0>, events=<sanguosha.engine.events....CE0>, declined_nullification_windows=set(), rng=<sanguosha.engine.rng.PythonRandomSource object at 0x00000284E3A4F9B0>).state
E        +    and   ZoneRef(zone_type=<ZoneType.HAND: 'hand'>, player_id='p2', equipment_slot=None, special_key=None) = ZoneRef(<ZoneType.HAND: 'hand'>, 'p2')
E        +      where <ZoneType.HAND: 'hand'> = ZoneType.HAND

tests\test_t18a11_judgment.py:26: AssertionError
_________ test_retrial_offers_every_holder_in_current_turn_seat_order _________

    def test_retrial_offers_every_holder_in_current_turn_seat_order():
        s = setup('xun_you')
        s.state.current_player_id = 'p3'
        for pid, skill in [('p1', 'guicai'), ('p3', 'guidao'), ('p4', 'guicai')]:
            s.state.players[pid].granted_skills[skill] = 'audit-grant'
            card = put(s, 'basic.slash', pid)
            s.state.cards[card] = replace(s.state.cards[card], suit=Suit.SPADE)
        s.engine.start_action(JudgmentAction('audit-order', 'p2', JudgmentPattern(suit=Suit.HEART)))
        offered = []
        while s.engine.pending_request:
            s = restore(s)
            r = s.engine.pending_request
            assert r.request_type is RequestType.YES_NO
            offered.append(r.player_id)
            answer(s, False)
>       assert offered == ['p3', 'p4', 'p1']
E       AssertionError: assert ['p1', 'p3'] == ['p3', 'p4', 'p1']
E         
E         At index 0 diff: 'p1' != 'p3'
E         Right contains one more item: 'p1'
E         Use -v to get more diff

tests\test_t18a11_judgment.py:45: AssertionError
=========================== short test summary info ===========================
FAILED tests/test_t18a11_judgment.py::test_guidao_exchanges_old_judgment_into_owners_hand[hand]
FAILED tests/test_t18a11_judgment.py::test_guidao_exchanges_old_judgment_into_owners_hand[equipment]
FAILED tests/test_t18a11_judgment.py::test_retrial_offers_every_holder_in_current_turn_seat_order
3 failed in 0.49s
