..................FF                                                     [100%]
================================== FAILURES ===================================
_______ test_retrial_inactive_current_holder_moves_to_end_of_seat_order _______

    def test_retrial_inactive_current_holder_moves_to_end_of_seat_order():
        s=setup('xun_you');s.state.current_player_id='p3';s.state.current_phase=None
        for pid in ('p1','p3','p4'):
            s.state.players[pid].granted_skills['guicai']='audit'
            put(s,'basic.slash',pid)
        s.engine.start_action(JudgmentAction('audit-inactive-order','p2',JudgmentPattern(suit=Suit.HEART)))
        order=[]
        while s.engine.pending_request:
            s=restore(s);order.append(s.engine.pending_request.player_id);answer(s,False)
>       assert order==['p4','p1','p3']
E       AssertionError: assert ['p3', 'p4', 'p1'] == ['p4', 'p1', 'p3']
E         
E         At index 0 diff: 'p3' != 'p4'
E         Use -v to get more diff

tests\test_t18a11_judgment.py:224: AssertionError
_______ test_declining_tiandu_does_not_cancel_independent_gain_on_match _______

    def test_declining_tiandu_does_not_cancel_independent_gain_on_match():
        from sanguosha.model.enums import Color
        s=setup('xun_you');s.state.players['p1'].granted_skills['tiandu']='audit'
        top=s.state.cards_in(ZoneRef(ZoneType.DRAW_PILE))[0]
        s.state.cards[top]=replace(s.state.cards[top],suit=Suit.SPADE)
        s.engine.start_action(JudgmentAction('audit-luoshen-tiandu','p1',JudgmentPattern(color=Color.BLACK),gain_on_match=True))
        s=restore(s);answer(s,False)
        assert s.engine.last_result is True
>       assert top in s.state.cards_in(ZoneRef(ZoneType.HAND,'p1'))
E       AssertionError: assert 'std-club-04-2' in ('std-diamond-13-2', 'mil-spade-11', 'mil-diamond-06', 'mil-diamond-09')
E        +  where ('std-diamond-13-2', 'mil-spade-11', 'mil-diamond-06', 'mil-diamond-09') = cards_in(ZoneRef(zone_type=<ZoneType.HAND: 'hand'>, player_id='p1', equipment_slot=None, special_key=None))
E        +    where cards_in = GameState(ruleset_id='classic-military', players={'p1': PlayerState(player_id='p1', seat=0, character_id='yj2012_xun_y...'p1', turn_number=4, counts={}), revealed_identities={'p1'}, victory=None, extra_turn_queue=[], extra_turn_anchor=None).cards_in
E        +      where GameState(ruleset_id='classic-military', players={'p1': PlayerState(player_id='p1', seat=0, character_id='yj2012_xun_y...'p1', turn_number=4, counts={}), revealed_identities={'p1'}, victory=None, extra_turn_queue=[], extra_turn_anchor=None) = GameSession(engine=<sanguosha.engine.engine.GameEngine object at 0x0000024B71671BD0>, events=<sanguosha.engine.events....710>, declined_nullification_windows=set(), rng=<sanguosha.engine.rng.PythonRandomSource object at 0x0000024B716B23F0>).state
E        +    and   ZoneRef(zone_type=<ZoneType.HAND: 'hand'>, player_id='p1', equipment_slot=None, special_key=None) = ZoneRef(<ZoneType.HAND: 'hand'>, 'p1')
E        +      where <ZoneType.HAND: 'hand'> = ZoneType.HAND

tests\test_t18a11_judgment.py:235: AssertionError
=========================== short test summary info ===========================
FAILED tests/test_t18a11_judgment.py::test_retrial_inactive_current_holder_moves_to_end_of_seat_order
FAILED tests/test_t18a11_judgment.py::test_declining_tiandu_does_not_cancel_independent_gain_on_match
2 failed, 18 passed in 0.51s
