F                                                                        [100%]
================================== FAILURES ===================================
_______ test_nonterminal_lightning_death_cleans_delayed_processing_card _______

    def test_nonterminal_lightning_death_cleans_delayed_processing_card():
     from sanguosha.engine.military_tricks import ResolveDelayed
     from sanguosha.model.enums import Identity
     from sanguosha.model.state import GameStatus
     s=game();s.state.players['p2'].hp=1;s.state.players['p2'].identity=Identity.LOYALIST
     s.state.players['p1'].identity=Identity.LORD;s.state.players['p3'].identity=Identity.REBEL
     cid=put(s,'delayed.lightning','p2',ZoneType.JUDGMENT)
     top=s.state.cards_in(ZoneRef(ZoneType.DRAW_PILE))[0];s.state.cards[top]=replace(s.state.cards[top],suit=Suit.SPADE,rank=5)
     s.engine.start_action(ResolveDelayed('audit-lightning-death','p2',cid));finish(s)
     assert not s.state.players['p2'].is_alive and s.state.status is not GameStatus.FINISHED
>    assert cid in s.state.cards_in(ZoneRef(ZoneType.DISCARD_PILE))
E    AssertionError: assert 'std-club-04-2' in ('std-heart-08-1', 'std-heart-01-2', 'std-spade-13-1', 'mil-diamond-13', 'ex-heart-12')
E     +  where ('std-heart-08-1', 'std-heart-01-2', 'std-spade-13-1', 'mil-diamond-13', 'ex-heart-12') = cards_in(ZoneRef(zone_type=<ZoneType.DISCARD_PILE: 'discard_pile'>, player_id=None, equipment_slot=None, special_key=None))
E     +    where cards_in = GameState(ruleset_id='classic-military', players={'p1': PlayerState(player_id='p1', seat=0, character_id='caocao', ide...turn_number=4, counts={}), revealed_identities={'p1', 'p2'}, victory=None, extra_turn_queue=[], extra_turn_anchor=None).cards_in
E     +      where GameState(ruleset_id='classic-military', players={'p1': PlayerState(player_id='p1', seat=0, character_id='caocao', ide...turn_number=4, counts={}), revealed_identities={'p1', 'p2'}, victory=None, extra_turn_queue=[], extra_turn_anchor=None) = GameSession(engine=<sanguosha.engine.engine.GameEngine object at 0x000001B0D068F230>, events=<sanguosha.engine.events....120>, declined_nullification_windows=set(), rng=<sanguosha.engine.rng.PythonRandomSource object at 0x000001B0D0380980>).state
E     +    and   ZoneRef(zone_type=<ZoneType.DISCARD_PILE: 'discard_pile'>, player_id=None, equipment_slot=None, special_key=None) = ZoneRef(<ZoneType.DISCARD_PILE: 'discard_pile'>)
E     +      where <ZoneType.DISCARD_PILE: 'discard_pile'> = ZoneType.DISCARD_PILE

tests\test_t18a11_judgment_system.py:218: AssertionError
=========================== short test summary info ===========================
FAILED tests/test_t18a11_judgment_system.py::test_nonterminal_lightning_death_cleans_delayed_processing_card
1 failed, 38 deselected in 0.31s
