.......F                                                                 [100%]
================================== FAILURES ===================================
___________ test_liuli_horse_cost_preserves_fixed_distance_override ___________

    def test_liuli_horse_cost_preserves_fixed_distance_override():
        from sanguosha.engine.military_basics import MilitaryStrike
        from sanguosha.model.enums import EquipmentSlot
        from sanguosha.model.zones import ZoneType
        s=setup('xun_you');s.state.players['p2'].granted_skills['liuli']='audit'
        horse=put(s,'equipment.horse.offensive','p2',ZoneType.EQUIPMENT,EquipmentSlot.OFFENSIVE_HORSE)
        s.state.metadata['zhuikong_distance']={'audit':{'source':'p2','target':'p4','turn':s.state.turn_number}}
        slash=put(s,'basic.slash')
        action=MilitaryStrike('audit-liuli-fixed','p1','p2',slash,'basic.dodge')
        handler=s.engine.registry.handler_for(action)
>       assert 'p4' in handler.liuli_targets(s.state,action,horse)
E       AssertionError: assert 'p4' in ()
E        +  where () = liuli_targets(GameState(ruleset_id='classic-military', players={'p1': PlayerState(player_id='p1', seat=0, character_id='yj2012_xun_y...'p1', turn_number=4, counts={}), revealed_identities={'p1'}, victory=None, extra_turn_queue=[], extra_turn_anchor=None), MilitaryStrike(action_id='audit-liuli-fixed', source_id='p1', target_id='p2', card_id='std-heart-08-1', dodge_definition_id='basic.dodge', wine_bonus=0, virtual_card=None, root_action_id='', required_dodges=None), 'std-club-04-2')
E        +    where liuli_targets = <sanguosha.engine.military_basics.MilitarySlashHandler object at 0x00000294F5692200>.liuli_targets
E        +    and   GameState(ruleset_id='classic-military', players={'p1': PlayerState(player_id='p1', seat=0, character_id='yj2012_xun_y...'p1', turn_number=4, counts={}), revealed_identities={'p1'}, victory=None, extra_turn_queue=[], extra_turn_anchor=None) = GameSession(engine=<sanguosha.engine.engine.GameEngine object at 0x00000294F5706570>, events=<sanguosha.engine.events....910>, declined_nullification_windows=set(), rng=<sanguosha.engine.rng.PythonRandomSource object at 0x00000294F56D7660>).state

tests\test_t18a11_duel.py:100: AssertionError
=========================== short test summary info ===========================
FAILED tests/test_t18a11_duel.py::test_liuli_horse_cost_preserves_fixed_distance_override
1 failed, 7 passed in 0.71s
