.FF                                                                      [100%]
================================== FAILURES ===================================
____ test_longdan_all_slash_prints_can_respond_as_dodge[basic.fire_slash] _____

definition = 'basic.fire_slash'

    @pytest.mark.parametrize('definition',['basic.slash','basic.fire_slash','basic.thunder_slash'])
    def test_longdan_all_slash_prints_can_respond_as_dodge(definition):
        from sanguosha.engine.response import RespondWithCardAction
        s=setup('xun_you');s.state.players['p1'].character_id='zhaoyun';clear_hand(s)
        cid=put(s,definition)
        s.engine.start_action(RespondWithCardAction('audit-longdan-prints','p1','basic.dodge','slash'))
>       assert 'virtual:longdan:'+cid in s.engine.pending_request.eligible_card_ids
E       AssertionError: assert ('virtual:longdan:' + 'std-club-04-2') in ()
E        +  where () = PendingRequest(request_id='audit-longdan-prints:request', player_id='p1', request_type=<RequestType.RESPOND_WITH_CARD:..., subject_player_id=None, play_card_targets={}, exclusive_card_groups=(), minimum_nonempty_count=0, legal_card_sets=()).eligible_card_ids
E        +    where PendingRequest(request_id='audit-longdan-prints:request', player_id='p1', request_type=<RequestType.RESPOND_WITH_CARD:..., subject_player_id=None, play_card_targets={}, exclusive_card_groups=(), minimum_nonempty_count=0, legal_card_sets=()) = <sanguosha.engine.engine.GameEngine object at 0x0000019812596710>.pending_request
E        +      where <sanguosha.engine.engine.GameEngine object at 0x0000019812596710> = GameSession(engine=<sanguosha.engine.engine.GameEngine object at 0x0000019812596710>, events=<sanguosha.engine.events....A70>, declined_nullification_windows=set(), rng=<sanguosha.engine.rng.PythonRandomSource object at 0x00000198125291D0>).engine

tests\test_t18a11_view_as_system.py:51: AssertionError
___ test_longdan_all_slash_prints_can_respond_as_dodge[basic.thunder_slash] ___

definition = 'basic.thunder_slash'

    @pytest.mark.parametrize('definition',['basic.slash','basic.fire_slash','basic.thunder_slash'])
    def test_longdan_all_slash_prints_can_respond_as_dodge(definition):
        from sanguosha.engine.response import RespondWithCardAction
        s=setup('xun_you');s.state.players['p1'].character_id='zhaoyun';clear_hand(s)
        cid=put(s,definition)
        s.engine.start_action(RespondWithCardAction('audit-longdan-prints','p1','basic.dodge','slash'))
>       assert 'virtual:longdan:'+cid in s.engine.pending_request.eligible_card_ids
E       AssertionError: assert ('virtual:longdan:' + 'std-club-04-2') in ()
E        +  where () = PendingRequest(request_id='audit-longdan-prints:request', player_id='p1', request_type=<RequestType.RESPOND_WITH_CARD:..., subject_player_id=None, play_card_targets={}, exclusive_card_groups=(), minimum_nonempty_count=0, legal_card_sets=()).eligible_card_ids
E        +    where PendingRequest(request_id='audit-longdan-prints:request', player_id='p1', request_type=<RequestType.RESPOND_WITH_CARD:..., subject_player_id=None, play_card_targets={}, exclusive_card_groups=(), minimum_nonempty_count=0, legal_card_sets=()) = <sanguosha.engine.engine.GameEngine object at 0x0000019812618050>.pending_request
E        +      where <sanguosha.engine.engine.GameEngine object at 0x0000019812618050> = GameSession(engine=<sanguosha.engine.engine.GameEngine object at 0x0000019812618050>, events=<sanguosha.engine.events....190>, declined_nullification_windows=set(), rng=<sanguosha.engine.rng.PythonRandomSource object at 0x00000198121B7A80>).engine

tests\test_t18a11_view_as_system.py:51: AssertionError
=========================== short test summary info ===========================
FAILED tests/test_t18a11_view_as_system.py::test_longdan_all_slash_prints_can_respond_as_dodge[basic.fire_slash]
FAILED tests/test_t18a11_view_as_system.py::test_longdan_all_slash_prints_can_respond_as_dodge[basic.thunder_slash]
2 failed, 1 passed, 10 deselected in 0.28s
