......FFF                                                                [100%]
================================== FAILURES ===================================
___ test_qianxi_forbidden_hand_material_is_not_a_retrial_candidate[guicai] ____

skill = 'guicai'

    @pytest.mark.parametrize('skill', ['guicai', 'guidao', 'jilue'])
    def test_qianxi_forbidden_hand_material_is_not_a_retrial_candidate(skill):
        from sanguosha.engine.card_moves import CardMove, CardMoveReason
        s = setup('xun_you')
        actor = 'p2'
        s.state.players[actor].granted_skills[skill] = 'audit-grant'
        s.state.players[actor].marks['ren'] = 1
        moves = s.engine.reaction_provider.__self__
        original = s.state.cards_in(ZoneRef(ZoneType.HAND, actor))
        moves.move(s.state, CardMove('audit-clear-retrial', original, ZoneRef(ZoneType.HAND, actor),
                                   ZoneRef(ZoneType.DISCARD_PILE), CardMoveReason.SYSTEM, actor))
        card = put(s, 'basic.slash', actor)
        s.state.cards[card] = replace(s.state.cards[card], suit=Suit.SPADE)
        s.state.metadata['qianxi_limits'] = {'p1': {'target': actor, 'color': 'black', 'turn': s.state.turn_number}}
        s.engine.start_action(JudgmentAction('audit-limit-retrial', 'p1', JudgmentPattern(suit=Suit.HEART)))
>       assert s.engine.pending_request is None
E       AssertionError: assert PendingRequest(request_id='audit-limit-retrial:guicai:p2', player_id='p2', request_type=<RequestType.YES_NO: 'yes_no'>..., subject_player_id='p1', play_card_targets={}, exclusive_card_groups=(), minimum_nonempty_count=0, legal_card_sets=()) is None
E        +  where PendingRequest(request_id='audit-limit-retrial:guicai:p2', player_id='p2', request_type=<RequestType.YES_NO: 'yes_no'>..., subject_player_id='p1', play_card_targets={}, exclusive_card_groups=(), minimum_nonempty_count=0, legal_card_sets=()) = <sanguosha.engine.engine.GameEngine object at 0x0000023B2C927070>.pending_request
E        +    where <sanguosha.engine.engine.GameEngine object at 0x0000023B2C927070> = GameSession(engine=<sanguosha.engine.engine.GameEngine object at 0x0000023B2C927070>, events=<sanguosha.engine.events....870>, declined_nullification_windows=set(), rng=<sanguosha.engine.rng.PythonRandomSource object at 0x0000023B2C844B90>).engine

tests\test_t18a11_judgment.py:105: AssertionError
___ test_qianxi_forbidden_hand_material_is_not_a_retrial_candidate[guidao] ____

skill = 'guidao'

    @pytest.mark.parametrize('skill', ['guicai', 'guidao', 'jilue'])
    def test_qianxi_forbidden_hand_material_is_not_a_retrial_candidate(skill):
        from sanguosha.engine.card_moves import CardMove, CardMoveReason
        s = setup('xun_you')
        actor = 'p2'
        s.state.players[actor].granted_skills[skill] = 'audit-grant'
        s.state.players[actor].marks['ren'] = 1
        moves = s.engine.reaction_provider.__self__
        original = s.state.cards_in(ZoneRef(ZoneType.HAND, actor))
        moves.move(s.state, CardMove('audit-clear-retrial', original, ZoneRef(ZoneType.HAND, actor),
                                   ZoneRef(ZoneType.DISCARD_PILE), CardMoveReason.SYSTEM, actor))
        card = put(s, 'basic.slash', actor)
        s.state.cards[card] = replace(s.state.cards[card], suit=Suit.SPADE)
        s.state.metadata['qianxi_limits'] = {'p1': {'target': actor, 'color': 'black', 'turn': s.state.turn_number}}
        s.engine.start_action(JudgmentAction('audit-limit-retrial', 'p1', JudgmentPattern(suit=Suit.HEART)))
>       assert s.engine.pending_request is None
E       AssertionError: assert PendingRequest(request_id='audit-limit-retrial:guidao:p2', player_id='p2', request_type=<RequestType.YES_NO: 'yes_no'>..., subject_player_id='p1', play_card_targets={}, exclusive_card_groups=(), minimum_nonempty_count=0, legal_card_sets=()) is None
E        +  where PendingRequest(request_id='audit-limit-retrial:guidao:p2', player_id='p2', request_type=<RequestType.YES_NO: 'yes_no'>..., subject_player_id='p1', play_card_targets={}, exclusive_card_groups=(), minimum_nonempty_count=0, legal_card_sets=()) = <sanguosha.engine.engine.GameEngine object at 0x0000023B2C942200>.pending_request
E        +    where <sanguosha.engine.engine.GameEngine object at 0x0000023B2C942200> = GameSession(engine=<sanguosha.engine.engine.GameEngine object at 0x0000023B2C942200>, events=<sanguosha.engine.events....FB0>, declined_nullification_windows=set(), rng=<sanguosha.engine.rng.PythonRandomSource object at 0x0000023B2C9662B0>).engine

tests\test_t18a11_judgment.py:105: AssertionError
____ test_qianxi_forbidden_hand_material_is_not_a_retrial_candidate[jilue] ____

skill = 'jilue'

    @pytest.mark.parametrize('skill', ['guicai', 'guidao', 'jilue'])
    def test_qianxi_forbidden_hand_material_is_not_a_retrial_candidate(skill):
        from sanguosha.engine.card_moves import CardMove, CardMoveReason
        s = setup('xun_you')
        actor = 'p2'
        s.state.players[actor].granted_skills[skill] = 'audit-grant'
        s.state.players[actor].marks['ren'] = 1
        moves = s.engine.reaction_provider.__self__
        original = s.state.cards_in(ZoneRef(ZoneType.HAND, actor))
        moves.move(s.state, CardMove('audit-clear-retrial', original, ZoneRef(ZoneType.HAND, actor),
                                   ZoneRef(ZoneType.DISCARD_PILE), CardMoveReason.SYSTEM, actor))
        card = put(s, 'basic.slash', actor)
        s.state.cards[card] = replace(s.state.cards[card], suit=Suit.SPADE)
        s.state.metadata['qianxi_limits'] = {'p1': {'target': actor, 'color': 'black', 'turn': s.state.turn_number}}
        s.engine.start_action(JudgmentAction('audit-limit-retrial', 'p1', JudgmentPattern(suit=Suit.HEART)))
>       assert s.engine.pending_request is None
E       AssertionError: assert PendingRequest(request_id='audit-limit-retrial:jilue-guicai:p2', player_id='p2', request_type=<RequestType.YES_NO: 'ye..., subject_player_id='p1', play_card_targets={}, exclusive_card_groups=(), minimum_nonempty_count=0, legal_card_sets=()) is None
E        +  where PendingRequest(request_id='audit-limit-retrial:jilue-guicai:p2', player_id='p2', request_type=<RequestType.YES_NO: 'ye..., subject_player_id='p1', play_card_targets={}, exclusive_card_groups=(), minimum_nonempty_count=0, legal_card_sets=()) = <sanguosha.engine.engine.GameEngine object at 0x0000023B2C942570>.pending_request
E        +    where <sanguosha.engine.engine.GameEngine object at 0x0000023B2C942570> = GameSession(engine=<sanguosha.engine.engine.GameEngine object at 0x0000023B2C942570>, events=<sanguosha.engine.events....B50>, declined_nullification_windows=set(), rng=<sanguosha.engine.rng.PythonRandomSource object at 0x0000023B2C969130>).engine

tests\test_t18a11_judgment.py:105: AssertionError
=========================== short test summary info ===========================
FAILED tests/test_t18a11_judgment.py::test_qianxi_forbidden_hand_material_is_not_a_retrial_candidate[guicai]
FAILED tests/test_t18a11_judgment.py::test_qianxi_forbidden_hand_material_is_not_a_retrial_candidate[guidao]
FAILED tests/test_t18a11_judgment.py::test_qianxi_forbidden_hand_material_is_not_a_retrial_candidate[jilue]
3 failed, 6 passed in 0.64s
