FF                                                                       [100%]
================================== FAILURES ===================================
__________ test_two_materials_are_one_numbered_slash_response[spear] __________

mode = 'spear'

    @pytest.mark.parametrize('mode',['spear','fuhun'])
    def test_two_materials_are_one_numbered_slash_response(mode):
        from sanguosha.engine.response import RespondWithCardAction
        from sanguosha.engine.events import CardRespondedEvent
        from sanguosha.model.enums import EquipmentSlot
        s=setup('xun_you');clear_hand(s)
        if mode=='fuhun':s.state.players['p1'].character_id='yj2012_guan_xing_zhang_bao'
        else:put(s,'equipment.weapon.serpent_spear','p1',ZoneType.EQUIPMENT,EquipmentSlot.WEAPON)
        cards=tuple(put(s,'basic.dodge') for _ in range(2))
        s.engine.start_action(RespondWithCardAction('audit-two-response','p1','basic.slash','duel',response_number=2,response_total=2))
        answer(s,'virtual:'+mode);s=restore(s);answer(s,cards)
        events=[e for e in s.events.events if isinstance(e,CardRespondedEvent) and e.source_action_id=='duel']
>       assert len(events)==1 and events[0].response_number==2 and events[0].response_total==2
E       AssertionError: assert (2 == 1)
E        +  where 2 = len([CardRespondedEvent(event_id='audit-two-response:virtual-responded:std-heart-08-1', player_id='p1', card_id='std-heart..._id='mil-club-08', source_action_id='duel', response_definition_id='basic.slash', response_number=1, response_total=1)])

tests\test_t18a11_view_as_system.py:95: AssertionError
__________ test_two_materials_are_one_numbered_slash_response[fuhun] __________

mode = 'fuhun'

    @pytest.mark.parametrize('mode',['spear','fuhun'])
    def test_two_materials_are_one_numbered_slash_response(mode):
        from sanguosha.engine.response import RespondWithCardAction
        from sanguosha.engine.events import CardRespondedEvent
        from sanguosha.model.enums import EquipmentSlot
        s=setup('xun_you');clear_hand(s)
        if mode=='fuhun':s.state.players['p1'].character_id='yj2012_guan_xing_zhang_bao'
        else:put(s,'equipment.weapon.serpent_spear','p1',ZoneType.EQUIPMENT,EquipmentSlot.WEAPON)
        cards=tuple(put(s,'basic.dodge') for _ in range(2))
        s.engine.start_action(RespondWithCardAction('audit-two-response','p1','basic.slash','duel',response_number=2,response_total=2))
        answer(s,'virtual:'+mode);s=restore(s);answer(s,cards)
        events=[e for e in s.events.events if isinstance(e,CardRespondedEvent) and e.source_action_id=='duel']
>       assert len(events)==1 and events[0].response_number==2 and events[0].response_total==2
E       AssertionError: assert (2 == 1)
E        +  where 2 = len([CardRespondedEvent(event_id='audit-two-response:virtual-responded:std-club-04-2', player_id='p1', card_id='std-club-0...='std-heart-08-1', source_action_id='duel', response_definition_id='basic.slash', response_number=1, response_total=1)])

tests\test_t18a11_view_as_system.py:95: AssertionError
=========================== short test summary info ===========================
FAILED tests/test_t18a11_view_as_system.py::test_two_materials_are_one_numbered_slash_response[spear]
FAILED tests/test_t18a11_view_as_system.py::test_two_materials_are_one_numbered_slash_response[fuhun]
2 failed, 21 deselected in 0.30s
