FFFFF                                                                    [100%]
================================== FAILURES ===================================
__________ test_zhichi_fatal_damage_does_not_activate_until_rescued ___________

    def test_zhichi_fatal_damage_does_not_activate_until_rescued():
        s=game();s.state.players['p1'].hp=1
        peach=put(s,'basic.peach','p2')
        s.engine.start_action(MilitaryDamageAction('audit-zhichi-fatal','p3','p1',1))
        assert s.engine.pending_request is not None
>       assert not protected(s.state,'p1')
E       AssertionError: assert not True
E        +  where True = protected(GameState(ruleset_id='classic-military', players={'p1': PlayerState(player_id='p1', seat=0, character_id='yj2011_chen_...'p1', turn_number=4, counts={}), revealed_identities={'p1'}, victory=None, extra_turn_queue=[], extra_turn_anchor=None), 'p1')
E        +    where GameState(ruleset_id='classic-military', players={'p1': PlayerState(player_id='p1', seat=0, character_id='yj2011_chen_...'p1', turn_number=4, counts={}), revealed_identities={'p1'}, victory=None, extra_turn_queue=[], extra_turn_anchor=None) = GameSession(engine=<sanguosha.engine.engine.GameEngine object at 0x00000220E356EE40>, events=<sanguosha.engine.events....A90>, declined_nullification_windows=set(), rng=<sanguosha.engine.rng.PythonRandomSource object at 0x00000220E329C050>).state

tests\test_t18a11_zhichi.py:23: AssertionError
_________ test_zhichi_requires_a_living_active_current_turn[no-phase] _________

inactive = 'no-phase'

    @pytest.mark.parametrize('inactive',['no-phase','no-current','dead-current'])
    def test_zhichi_requires_a_living_active_current_turn(inactive):
        from sanguosha.model.enums import PlayerStatus
        s=game()
        if inactive=='no-phase':s.state.current_phase=None
        if inactive=='no-current':s.state.current_player_id=None
        if inactive=='dead-current':s.state.players['p2'].status=PlayerStatus.DEAD
        s.engine.start_action(MilitaryDamageAction('audit-zhichi-inactive',None,'p1',1))
        finish(s)
>       assert not protected(s.state,'p1')
E       AssertionError: assert not True
E        +  where True = protected(GameState(ruleset_id='classic-military', players={'p1': PlayerState(player_id='p1', seat=0, character_id='yj2011_chen_...'p1', turn_number=4, counts={}), revealed_identities={'p1'}, victory=None, extra_turn_queue=[], extra_turn_anchor=None), 'p1')
E        +    where GameState(ruleset_id='classic-military', players={'p1': PlayerState(player_id='p1', seat=0, character_id='yj2011_chen_...'p1', turn_number=4, counts={}), revealed_identities={'p1'}, victory=None, extra_turn_queue=[], extra_turn_anchor=None) = GameSession(engine=<sanguosha.engine.engine.GameEngine object at 0x00000220E3690190>, events=<sanguosha.engine.events....090>, declined_nullification_windows=set(), rng=<sanguosha.engine.rng.PythonRandomSource object at 0x00000220E35C4F50>).state

tests\test_t18a11_zhichi.py:37: AssertionError
________ test_zhichi_requires_a_living_active_current_turn[no-current] ________

inactive = 'no-current'

    @pytest.mark.parametrize('inactive',['no-phase','no-current','dead-current'])
    def test_zhichi_requires_a_living_active_current_turn(inactive):
        from sanguosha.model.enums import PlayerStatus
        s=game()
        if inactive=='no-phase':s.state.current_phase=None
        if inactive=='no-current':s.state.current_player_id=None
        if inactive=='dead-current':s.state.players['p2'].status=PlayerStatus.DEAD
        s.engine.start_action(MilitaryDamageAction('audit-zhichi-inactive',None,'p1',1))
        finish(s)
>       assert not protected(s.state,'p1')
E       AssertionError: assert not True
E        +  where True = protected(GameState(ruleset_id='classic-military', players={'p1': PlayerState(player_id='p1', seat=0, character_id='yj2011_chen_...'p1', turn_number=4, counts={}), revealed_identities={'p1'}, victory=None, extra_turn_queue=[], extra_turn_anchor=None), 'p1')
E        +    where GameState(ruleset_id='classic-military', players={'p1': PlayerState(player_id='p1', seat=0, character_id='yj2011_chen_...'p1', turn_number=4, counts={}), revealed_identities={'p1'}, victory=None, extra_turn_queue=[], extra_turn_anchor=None) = GameSession(engine=<sanguosha.engine.engine.GameEngine object at 0x00000220E36A3D90>, events=<sanguosha.engine.events....E10>, declined_nullification_windows=set(), rng=<sanguosha.engine.rng.PythonRandomSource object at 0x00000220E3690550>).state

tests\test_t18a11_zhichi.py:37: AssertionError
_______ test_zhichi_requires_a_living_active_current_turn[dead-current] _______

inactive = 'dead-current'

    @pytest.mark.parametrize('inactive',['no-phase','no-current','dead-current'])
    def test_zhichi_requires_a_living_active_current_turn(inactive):
        from sanguosha.model.enums import PlayerStatus
        s=game()
        if inactive=='no-phase':s.state.current_phase=None
        if inactive=='no-current':s.state.current_player_id=None
        if inactive=='dead-current':s.state.players['p2'].status=PlayerStatus.DEAD
        s.engine.start_action(MilitaryDamageAction('audit-zhichi-inactive',None,'p1',1))
        finish(s)
>       assert not protected(s.state,'p1')
E       AssertionError: assert not True
E        +  where True = protected(GameState(ruleset_id='classic-military', players={'p1': PlayerState(player_id='p1', seat=0, character_id='yj2011_chen_...'p1', turn_number=4, counts={}), revealed_identities={'p1'}, victory=None, extra_turn_queue=[], extra_turn_anchor=None), 'p1')
E        +    where GameState(ruleset_id='classic-military', players={'p1': PlayerState(player_id='p1', seat=0, character_id='yj2011_chen_...'p1', turn_number=4, counts={}), revealed_identities={'p1'}, victory=None, extra_turn_queue=[], extra_turn_anchor=None) = GameSession(engine=<sanguosha.engine.engine.GameEngine object at 0x00000220E36BC770>, events=<sanguosha.engine.events....E00>, declined_nullification_windows=set(), rng=<sanguosha.engine.rng.PythonRandomSource object at 0x00000220E359F950>).state

tests\test_t18a11_zhichi.py:37: AssertionError
______ test_zhichi_all_marks_clear_immediately_when_current_player_dies _______

    def test_zhichi_all_marks_clear_immediately_when_current_player_dies():
        s=game()
        for pid in ('p1','p3'):s.state.players[pid].marks['yj_zhichi']=s.state.turn_number
        s.engine.start_action(DeathAction('audit-zhichi-current-death','p2',None));finish(s)
>       assert all(not protected(s.state,pid) for pid in ('p1','p3'))
E       assert False
E        +  where False = all(<generator object test_zhichi_all_marks_clear_immediately_when_current_player_dies.<locals>.<genexpr> at 0x00000220E36D84A0>)

tests\test_t18a11_zhichi.py:44: AssertionError
=========================== short test summary info ===========================
FAILED tests/test_t18a11_zhichi.py::test_zhichi_fatal_damage_does_not_activate_until_rescued
FAILED tests/test_t18a11_zhichi.py::test_zhichi_requires_a_living_active_current_turn[no-phase]
FAILED tests/test_t18a11_zhichi.py::test_zhichi_requires_a_living_active_current_turn[no-current]
FAILED tests/test_t18a11_zhichi.py::test_zhichi_requires_a_living_active_current_turn[dead-current]
FAILED tests/test_t18a11_zhichi.py::test_zhichi_all_marks_clear_immediately_when_current_player_dies
5 failed in 0.33s
