F                                                                        [100%]
================================== FAILURES ===================================
_____________ test_zhijian_cannot_replace_occupied_equipment_slot _____________

    def test_zhijian_cannot_replace_occupied_equipment_slot():
        from test_t6_military_basics import put
        from sanguosha.engine.mountain import ZhijianAction
        from sanguosha.model.enums import EquipmentSlot
        from sanguosha.model.zones import ZoneType
        s = game()
        s.state.players['p1'].character_id = 'mountain_zhang_zhaozhang'
        cid = put(s, 'equipment.weapon.serpent_spear', 'p1')
        put(s, 'equipment.weapon.crossbow', 'p2', ZoneType.EQUIPMENT, EquipmentSlot.WEAPON)
        s.engine.start_action(ZhijianAction('occupied-zhijian', 'p1'))
        answer(s, cid)
>       assert 'p2' not in s.engine.pending_request.allowed_player_ids
E       AssertionError: assert 'p2' not in ('p2', 'p3', 'p4', 'p5')
E        +  where ('p2', 'p3', 'p4', 'p5') = PendingRequest(request_id='occupied-zhijian:target', player_id='p1', request_type=<RequestType.CHOOSE_PLAYER: 'choose_..., subject_player_id=None, play_card_targets={}, exclusive_card_groups=(), minimum_nonempty_count=0, legal_card_sets=()).allowed_player_ids
E        +    where PendingRequest(request_id='occupied-zhijian:target', player_id='p1', request_type=<RequestType.CHOOSE_PLAYER: 'choose_..., subject_player_id=None, play_card_targets={}, exclusive_card_groups=(), minimum_nonempty_count=0, legal_card_sets=()) = <sanguosha.engine.engine.GameEngine object at 0x000002249C8482F0>.pending_request
E        +      where <sanguosha.engine.engine.GameEngine object at 0x000002249C8482F0> = GameSession(engine=<sanguosha.engine.engine.GameEngine object at 0x000002249C8482F0>, events=<sanguosha.engine.events....1A0>, declined_nullification_windows=set(), rng=<sanguosha.engine.rng.PythonRandomSource object at 0x000002249C6E2A50>).engine

t18a11_final\test_t18a11_final_audit.py:295: AssertionError
=========================== short test summary info ===========================
FAILED t18a11_final/test_t18a11_final_audit.py::test_zhijian_cannot_replace_occupied_equipment_slot
1 failed, 20 deselected in 0.29s
