
[WebServer] INFO:     Started server process [2084]
[WebServer] INFO:     Waiting for application startup.

[WebServer] INFO:     Application startup complete.
[WebServer] INFO:     Uvicorn running on http://127.0.0.1:8021 (Press CTRL+C to quit)
[WebServer] (node:22884) Warning: The 'NO_COLOR' env is ignored due to the 'FORCE_COLOR' env being set.

[WebServer] (Use `node --trace-warnings ...` to show where the warning was created)

[WebServer] (node:7660) Warning: The 'NO_COLOR' env is ignored due to the 'FORCE_COLOR' env being set.
[WebServer] (Use `node --trace-warnings ...` to show where the warning was created)

Running 7 tests using 1 worker

(node:10624) Warning: The 'NO_COLOR' env is ignored due to the 'FORCE_COLOR' env being set.
(Use `node --trace-warnings ...` to show where the warning was created)


[1/7] e2e\t21-4-polish.spec.ts:34:3 › T21.4 searchable test draft 1440x900

[WebServer] Assets in public directory cannot be imported from JavaScript.
[WebServer] If you intend to import that asset, put the file in the src directory, and use /src/assets/manifest.json instead of /public/assets/manifest.json.
[WebServer] If you intend to use the URL of that asset, use /assets/manifest.json?url.
[WebServer] INFO:     127.0.0.1:57019 - "WebSocket /ws" [accepted]

[WebServer] INFO:     connection open


[WebServer] INFO:     127.0.0.1:49731 - "WebSocket /ws" [accepted]
[WebServer] INFO:     connection open


[WebServer] INFO:     127.0.0.1:51542 - "WebSocket /ws" [accepted]
[WebServer] INFO:     connection open
[2/7] e2e\t21-4-polish.spec.ts:34:3 › T21.4 searchable test draft 1920x1080
[WebServer] Assets in public directory cannot be imported from JavaScript.
[WebServer] If you intend to import that asset, put the file in the src directory, and use /src/assets/manifest.json instead of /public/assets/manifest.json.
[WebServer] If you intend to use the URL of that asset, use /assets/manifest.json?url.


[WebServer] INFO:     127.0.0.1:64123 - "WebSocket /ws" [accepted]
[WebServer] INFO:     connection open


[WebServer] INFO:     127.0.0.1:62127 - "WebSocket /ws" [accepted]
[WebServer] INFO:     connection open

[WebServer] INFO:     127.0.0.1:65050 - "WebSocket /ws" [accepted]
[WebServer] INFO:     connection open

[3/7] e2e\t21-4-polish.spec.ts:34:3 › T21.4 searchable test draft 844x390

[WebServer] Assets in public directory cannot be imported from JavaScript.
[WebServer] If you intend to import that asset, put the file in the src directory, and use /src/assets/manifest.json instead of /public/assets/manifest.json.
[WebServer] If you intend to use the URL of that asset, use /assets/manifest.json?url.

[WebServer] INFO:     127.0.0.1:58084 - "WebSocket /ws" [accepted]
[WebServer] INFO:     connection open


[WebServer] INFO:     127.0.0.1:61663 - "WebSocket /ws" [accepted]

[WebServer] INFO:     connection open

[WebServer] INFO:     127.0.0.1:64643 - "WebSocket /ws" [accepted]
[WebServer] INFO:     connection open

[4/7] e2e\t21-4-polish.spec.ts:52:1 › T21.4 normal ten-choice draft, 5/8 seats, landscape and reconnect

[WebServer] Assets in public directory cannot be imported from JavaScript.
[WebServer] If you intend to import that asset, put the file in the src directory, and use /src/assets/manifest.json instead of /public/assets/manifest.json.
[WebServer] If you intend to use the URL of that asset, use /assets/manifest.json?url.


[WebServer] INFO:     127.0.0.1:50484 - "WebSocket /ws" [accepted]
[WebServer] INFO:     connection open

[WebServer] INFO:     127.0.0.1:55425 - "WebSocket /ws" [accepted]

[WebServer] INFO:     connection open

[WebServer] Assets in public directory cannot be imported from JavaScript.
[WebServer] If you intend to import that asset, put the file in the src directory, and use /src/assets/manifest.json instead of /public/assets/manifest.json.
[WebServer] If you intend to use the URL of that asset, use /assets/manifest.json?url.
[WebServer] INFO:     127.0.0.1:59484 - "WebSocket /ws" [accepted]
[WebServer] INFO:     connection open

[WebServer] INFO:     127.0.0.1:58521 - "WebSocket /ws" [accepted]

[WebServer] INFO:     connection open

[WebServer] Assets in public directory cannot be imported from JavaScript.

[WebServer] If you intend to import that asset, put the file in the src directory, and use /src/assets/manifest.json instead of /public/assets/manifest.json.
[WebServer] If you intend to use the URL of that asset, use /assets/manifest.json?url.
[WebServer] INFO:     127.0.0.1:63035 - "WebSocket /ws" [accepted]
[WebServer] INFO:     connection open


[WebServer] INFO:     127.0.0.1:55361 - "WebSocket /ws" [accepted]

[WebServer] INFO:     connection open
  1) e2e\t21-4-polish.spec.ts:52:1 › T21.4 normal ten-choice draft, 5/8 seats, landscape and reconnect

    Error: expect(received).toBe(expected) // Object.is equality

    Expected: true
    Received: false

      22 |   expect(info.h / info.w).toBeCloseTo(4 / 3, 1)
      23 |   expect(info.img).toBeGreaterThan(info.h * .95)
    > 24 |   expect(info.rendered).toBe(true)
         |                         ^
      25 |   expect(info.columns).toBeGreaterThanOrEqual(5)
      26 |   expect(info.columns).toBeLessThanOrEqual(7)
      27 |   expect(info.ratio).toBeGreaterThan(.25)
        at wall (C:\Sanguosha-T21\web\e2e\t21-4-polish.spec.ts:24:25)
        at C:\Sanguosha-T21\web\e2e\t21-4-polish.spec.ts:59:5

    attachment #1: screenshot (image/png) ──────────────────────────────────────────────────────────
    test-results\t21-4-polish-T21-4-normal--da62b-ats-landscape-and-reconnect\test-failed-1.png
    ────────────────────────────────────────────────────────────────────────────────────────────────

    Error Context: test-results\t21-4-polish-T21-4-normal--da62b-ats-landscape-and-reconnect\error-context.md

    attachment #3: trace (application/zip) ─────────────────────────────────────────────────────────
    test-results\t21-4-polish-T21-4-normal--da62b-ats-landscape-and-reconnect\trace.zip
    Usage:

        npx playwright show-trace test-results\t21-4-polish-T21-4-normal--da62b-ats-landscape-and-reconnect\trace.zip

    ────────────────────────────────────────────────────────────────────────────────────────────────


(node:12736) Warning: The 'NO_COLOR' env is ignored due to the 'FORCE_COLOR' env being set.

(Use `node --trace-warnings ...` to show where the warning was created)

[5/7] e2e\t21-4-polish.spec.ts:76:1 › T21.4 five heroes crossfade and lazy videos with static failure fallback
[WebServer] Assets in public directory cannot be imported from JavaScript.

[WebServer] If you intend to import that asset, put the file in the src directory, and use /src/assets/manifest.json instead of /public/assets/manifest.json.
[WebServer] If you intend to use the URL of that asset, use /assets/manifest.json?url.
[WebServer] INFO:     127.0.0.1:61448 - "WebSocket /ws" [accepted]


[WebServer] INFO:     connection open
[WebServer] INFO:     127.0.0.1:61442 - "WebSocket /ws" [accepted]

[WebServer] INFO:     connection open

[6/7] e2e\t21-4-polish.spec.ts:111:1 › T21.4 reduced motion keeps static heroes and join entry expands
[WebServer] Assets in public directory cannot be imported from JavaScript.

[WebServer] If you intend to import that asset, put the file in the src directory, and use /src/assets/manifest.json instead of /public/assets/manifest.json.
[WebServer] If you intend to use the URL of that asset, use /assets/manifest.json?url.

[WebServer] INFO:     127.0.0.1:62618 - "WebSocket /ws" [accepted]

[WebServer] INFO:     connection open
[WebServer] INFO:     127.0.0.1:52340 - "WebSocket /ws" [accepted]

[WebServer] INFO:     connection open

[7/7] e2e\t21-4-polish.spec.ts:125:1 › T21.4 native dual BGM switches, shares mute/volume, and reuses players

[WebServer] Assets in public directory cannot be imported from JavaScript.
[WebServer] If you intend to import that asset, put the file in the src directory, and use /src/assets/manifest.json instead of /public/assets/manifest.json.
[WebServer] If you intend to use the URL of that asset, use /assets/manifest.json?url.
[WebServer] INFO:     127.0.0.1:60426 - "WebSocket /ws" [accepted]

[WebServer] INFO:     connection open

[WebServer] INFO:     127.0.0.1:56057 - "WebSocket /ws" [accepted]

[WebServer] INFO:     connection open
  2) e2e\t21-4-polish.spec.ts:125:1 › T21.4 native dual BGM switches, shares mute/volume, and reuses players

    Error: locator.fill: Error: Malformed value
    Call log:
      - waiting for getByLabel('背景音乐音量')
        - locator resolved to <input min="0" max="1" step="0.05" value="0.2" type="range" aria-label="背景音乐音量"/>
        - fill(".35")
      - attempting fill action
        - waiting for element to be visible, enabled and editable


      140 |   const music = () => page.evaluate(() => (window as any).__music.map((a: HTMLAudioElement) => ({ src: a.src, paused: a.paused, volume: a.volume, muted: a.muted, time: a.currentTime })))
      141 |   await expect.poll(async () => (await music()).some((a: any) => a.src.includes('lobby_bgm.wav') && !a.paused && a.time > .1)).toBe(true)
    > 142 |   await page.getByLabel('背景音乐音量').fill('.35')
          |                                   ^
      143 |   await page.getByRole('button', { name: '单人游戏', exact: true }).click()
      144 |   await expect(page.locator('.general-card')).toHaveCount(10)
      145 |   expect((await music()).length).toBe(1)
        at C:\Sanguosha-T21\web\e2e\t21-4-polish.spec.ts:142:35

    attachment #1: screenshot (image/png) ──────────────────────────────────────────────────────────
    test-results\t21-4-polish-T21-4-native--20010-e-volume-and-reuses-players\test-failed-1.png
    ────────────────────────────────────────────────────────────────────────────────────────────────

    Error Context: test-results\t21-4-polish-T21-4-native--20010-e-volume-and-reuses-players\error-context.md

    attachment #3: trace (application/zip) ─────────────────────────────────────────────────────────
    test-results\t21-4-polish-T21-4-native--20010-e-volume-and-reuses-players\trace.zip
    Usage:

        npx playwright show-trace test-results\t21-4-polish-T21-4-native--20010-e-volume-and-reuses-players\trace.zip

    ────────────────────────────────────────────────────────────────────────────────────────────────


  2 failed
    e2e\t21-4-polish.spec.ts:52:1 › T21.4 normal ten-choice draft, 5/8 seats, landscape and reconnect
    e2e\t21-4-polish.spec.ts:125:1 › T21.4 native dual BGM switches, shares mute/volume, and reuses players
  5 passed (28.7s)
